// Jest Snapshot v1, https://goo.gl/fbAQLP

exports[`Button renders correctly 1`] = `
<a
  class="am-button"
  role="button"
>
  <span>
    foo
  </span>
</a>
`;
